                                Average Timing Results
            =============================================================
 
                    Initialize Time :  1.050949096679688E-03
 Input/Communicate Source Data Time :  8.380413055419922E-04
     Input Boundary Conditions Time :  7.352089881896973E-01
        CFA_3D_Apply_BCs_Part1 Time :  1.096725463867188E-05
-------------------------------------------------------------
 ||     Calc_3D_Current_Values Time :  8.146286010742188E-02
 ||    CREATE_3D_SubJcbn_Terms Time :  1.610326766967773E-02
 ||       CREATE_3D_RHS_VECTOR Time :  1.091766357421875E-02
\  /     CREATE_3D_JCBN_MATRIX Time :  1.955917358398438E+01
-\/ ---------------------------------------------------------
CREATE_3D_NONLAPLACIAN_STF_MAT Time :  1.966838693618774E+01
REDUCE_3D_NONLAPLACIAN_STF_MAT Time :  5.006790161132812E-05
FINISH_3D_NONLAPLACIAN_STF_MAT Time :  1.197695732116699E-02
          FINISH_3D_RHS_VECTOR Time :  5.437159538269043E-01
        CFA_3D_Apply_BCs_Part2 Time :  9.107589721679688E-05
                    CFA_Solver Time :  4.671946310997009E+01
        CFA_Coefficient_Update Time :  1.270771026611328E-04
   CFA_Coefficient_Share_PETSc Time :  2.589225769042969E-04
         CFA_Convergence_Check Time :  4.761219024658203E-04
               Total Iteration Time :  6.721966004371643E+01
             Poseidon_Dist_Sol Time :  0.000000000000000E+00
=============================================================
 
 
 
 
                                 Convergence Results
            =============================================================

The Newton-Raphson solver exited after 01 Iteration.
The solution did not converge within the maximum number of iterations allowed.
The maximum number of iterations allowed is 01
 
 
                                 Sample of Final Results
            =============================================================
 
           r                  Psi Potential          AlphaPsi Potential          Beta Value1              Beta Value2              Beta Value3
 0.000000000000000E+00   -5.867938489758210E+18   -5.912506677156287E+18    9.025067636580408E-13   -6.399416889855837E-19   -2.996533647275019E-18
 5.000000000000032E+07   -5.072137168007579E+18   -5.084672724672720E+18   -6.603351846598050E-16   -1.355727489338230E-21    5.560054098785608E-22
 1.000000000000006E+08   -3.529066195060313E+18   -3.546942903043354E+18   -1.856904875458036E-14   -4.689834308291321E-22   -8.305729654399122E-22
 1.500000000000010E+08   -1.931155621475827E+18   -1.935890586159247E+18   -2.809859827485902E-14   -4.044767210636133E-22   -3.621798366030742E-22
 2.000000000000013E+08   -9.476137590989448E+17   -9.425838245586435E+17   -2.778262008523678E-14   -3.580864423999579E-23   -8.751934693933850E-22
 2.500000000000016E+08   -4.883816885234232E+17   -4.799577589093464E+17   -2.993632746845152E-14    6.397524554302610E-22   -7.221393308257946E-22
 3.000000000000019E+08   -3.306923623702586E+17   -3.226923392039117E+17   -4.443167411020928E-14   -2.411111531309848E-22   -3.946381462237396E-22
 3.500000000000023E+08   -3.176007513337705E+17   -3.115749175696145E+17   -4.508758428668531E-14    5.870487111245593E-22   -3.618207532988140E-22
 4.000000000000026E+08   -3.622319616884890E+17   -3.584839054891615E+17   -5.704258001607425E-14   -1.803864809239703E-23   -6.548110295455756E-22
 4.500000000000029E+08   -4.218179611331058E+17   -4.201095537094556E+17   -6.037008737068657E-14    1.789792572307666E-22   -4.617363731455680E-22
 5.000000000000032E+08   -4.774972160616568E+17   -4.774212124615515E+17   -6.318229830936712E-14    3.947725118090412E-22   -4.158498041763237E-22
 5.500000000000036E+08   -5.223618704157442E+17   -5.235108388622771E+17   -7.100199197331289E-14    4.366731906704975E-22   -5.854847851239578E-22
 6.000000000000038E+08   -5.550525760715731E+17   -5.570819036045570E+17   -8.621027243943319E-14    6.802759298520932E-23   -4.461884795684277E-22
 6.500000000000042E+08   -5.765314018756216E+17   -5.791727162029102E+17   -8.390572531518999E-14    4.557091648734944E-22   -5.996377460680909E-22
 7.000000000000045E+08   -5.885216440249605E+17   -5.915757734739974E+17   -8.606945735204811E-14    5.732534967880173E-22   -2.938199219053790E-22
 7.500000000000048E+08   -5.928300810040906E+17   -5.961535969941811E+17   -8.884384159300798E-14    2.751923545148206E-22   -2.601008540799112E-22
 8.000000000000051E+08   -5.910752629858103E+17   -5.945666838132124E+17   -1.042252327671203E-13    1.006617712778242E-22   -3.726111645645010E-22
 8.500000000000055E+08   -5.845934974492454E+17   -5.881814534276582E+17   -1.054507481163829E-13    7.154337744407089E-23   -3.690635150313681E-22
 9.000000000000057E+08   -5.744516159083617E+17   -5.780856091192275E+17   -1.088015456358772E-13    1.076267850376077E-22   -2.435654228487516E-22
 9.500000000000061E+08   -5.614803510715407E+17   -5.651238996679728E+17   -9.301357614357064E-14    2.136597197706465E-22   -6.968009492463620E-23
 1.000000000000006E+09   -5.463203394054231E+17   -5.499461079876984E+17   -8.266128765056618E-14    3.689720256596228E-22    2.031325927085452E-21
