                                Average Timing Results
            =============================================================
 
                    Initialize Time :  1.062870025634766E-03
 Input/Communicate Source Data Time :  4.733085632324219E-03
     Input Boundary Conditions Time :  1.637089252471924E-01
        CFA_3D_Apply_BCs_Part1 Time :  7.867813110351562E-06
-------------------------------------------------------------
 ||     Calc_3D_Current_Values Time :  2.998924255371094E-02
 ||    CREATE_3D_SubJcbn_Terms Time :  9.860324859619141E-02
 ||       CREATE_3D_RHS_VECTOR Time :  3.349781036376953E-03
\  /     CREATE_3D_JCBN_MATRIX Time :  2.242455482482910E-01
-\/ ---------------------------------------------------------
CREATE_3D_NONLAPLACIAN_STF_MAT Time :  3.576521873474121E-01
REDUCE_3D_NONLAPLACIAN_STF_MAT Time :  4.792213439941406E-05
FINISH_3D_NONLAPLACIAN_STF_MAT Time :  2.465963363647461E-03
          FINISH_3D_RHS_VECTOR Time :  7.982969284057617E-03
        CFA_3D_Apply_BCs_Part2 Time :  4.053115844726562E-06
                    CFA_Solver Time :  7.367491722106934E-02
        CFA_Coefficient_Update Time :  3.695487976074219E-05
   CFA_Coefficient_Share_PETSc Time :  9.489059448242188E-05
         CFA_Convergence_Check Time :  2.350807189941406E-04
               Total Iteration Time :  4.450860023498535E-01
             Poseidon_Dist_Sol Time :  0.000000000000000E+00
=============================================================
 
 
 
 
                                 Convergence Results
            =============================================================

The Newton-Raphson solver exited after 01 Iteration.
The solution did not converge within the maximum number of iterations allowed.
The maximum number of iterations allowed is 01
 
 
                                 Sample of Final Results
            =============================================================
 
           r                  Psi Potential          AlphaPsi Potential          Beta Value1              Beta Value2              Beta Value3
 0.000000000000000E+00   -2.593352937845149E+19   -2.583880279066612E+19    1.219009741484779E-13    1.447214899638576E-23    0.000000000000000E+00
 5.000000000000028E+07   -4.748232388108910E+18   -4.743109203334900E+18   -2.896110742476192E-13    4.263741423054981E-25    0.000000000000000E+00
 1.000000000000006E+08   -2.491023331304008E+18   -2.488978428230574E+18   -4.722262325248321E-13    6.342606498829718E-24    0.000000000000000E+00
 1.500000000000008E+08   -1.668379738947958E+18   -1.667180891532556E+18   -5.673714721806124E-13    5.108833112174834E-24    0.000000000000000E+00
 2.000000000000011E+08   -1.235229558707424E+18   -1.234416336580019E+18   -8.550882648990965E-13    2.042183687725449E-24    0.000000000000000E+00
 2.500000000000014E+08   -9.654841807575858E+17   -9.648897386642659E+17   -1.005062996437629E-12   -5.292620206491125E-24    0.000000000000000E+00
 3.000000000000017E+08   -7.803622917591121E+17   -7.799082825526999E+17   -1.189109720645492E-12   -8.067803286101474E-25    0.000000000000000E+00
 3.500000000000020E+08   -6.449325993206957E+17   -6.445761597615383E+17   -1.463425506335155E-12    4.031222125365241E-23    0.000000000000000E+00
 4.000000000000023E+08   -5.412692674716744E+17   -5.409844782253283E+17   -1.651799292673743E-12    5.272857462782390E-23    0.000000000000000E+00
 4.500000000000026E+08   -4.591959232000328E+17   -4.589659464906741E+17   -1.874588361162217E-12    4.710972950726229E-23    0.000000000000000E+00
 5.000000000000029E+08   -3.924939225962537E+17   -3.923072158709471E+17   -2.043367235700341E-12    3.687120119249074E-23    0.000000000000000E+00
 5.500000000000031E+08   -3.371399052975216E+17   -3.369882167772314E+17   -2.250098725318991E-12    5.428209544116497E-23    0.000000000000000E+00
 6.000000000000033E+08   -2.904132202996232E+17   -2.902904476157961E+17   -2.439884164578767E-12    4.334339163549349E-23    0.000000000000000E+00
 6.500000000000037E+08   -2.504054783153447E+17   -2.503069579147722E+17   -2.690951213413272E-12    6.465165543924203E-23    0.000000000000000E+00
 7.000000000000039E+08   -2.157367499081721E+17   -2.156588257219416E+17   -2.892611110402763E-12    7.956451942739977E-23    0.000000000000000E+00
 7.500000000000043E+08   -1.853844858515523E+17   -1.853242425873082E+17   -3.081240831478624E-12    1.013382972669213E-22    0.000000000000000E+00
 8.000000000000045E+08   -1.585738481952018E+17   -1.585289269979369E+17   -3.280104795532871E-12    1.031677497380170E-22    0.000000000000000E+00
 8.500000000000048E+08   -1.347065602639425E+17   -1.346750273224438E+17   -3.490924824139819E-12    9.769712295480132E-23    0.000000000000000E+00
 9.000000000000051E+08   -1.133128898620566E+17   -1.132931417817727E+17   -3.706466219271336E-12    5.388131953452819E-23    0.000000000000000E+00
 9.500000000000054E+08   -9.401920828390886E+16   -9.400990189759482E+16   -3.910980924159068E-12    7.547507116793838E-23    0.000000000000000E+00
 1.000000000000006E+09   -7.652423889393437E+16   -7.652423889433350E+16   -4.102201179935711E-12    0.000000000000000E+00    0.000000000000000E+00
