                                Average Timing Results
            =============================================================
 
                    Initialize Time :  7.569789886474609E-04
 Input/Communicate Source Data Time :  1.718044281005859E-03
     Input Boundary Conditions Time :  4.794096946716309E-02
        CFA_3D_Apply_BCs_Part1 Time :  4.053115844726562E-06
-------------------------------------------------------------
 ||     Calc_3D_Current_Values Time :  5.913734436035156E-03
 ||    CREATE_3D_SubJcbn_Terms Time :  3.581523895263672E-03
 ||       CREATE_3D_RHS_VECTOR Time :  6.127357482910156E-04
\  /     CREATE_3D_JCBN_MATRIX Time :  6.111145019531250E-03
-\/ ---------------------------------------------------------
CREATE_3D_NONLAPLACIAN_STF_MAT Time :  1.659798622131348E-02
REDUCE_3D_NONLAPLACIAN_STF_MAT Time :  3.910064697265625E-05
FINISH_3D_NONLAPLACIAN_STF_MAT Time :  1.468658447265625E-04
          FINISH_3D_RHS_VECTOR Time :  1.093149185180664E-03
        CFA_3D_Apply_BCs_Part2 Time :  9.536743164062500E-07
                    CFA_Solver Time :  2.396702766418457E-02
        CFA_Coefficient_Update Time :  8.821487426757812E-06
   CFA_Coefficient_Share_PETSc Time :  5.006790161132812E-05
         CFA_Convergence_Check Time :  1.111030578613281E-04
               Total Iteration Time :  4.290699958801270E-02
             Poseidon_Dist_Sol Time :  0.000000000000000E+00
=============================================================
 
 
 
 
                                 Convergence Results
            =============================================================

The Newton-Raphson solver exited after 01 Iteration.
The solution did not converge within the maximum number of iterations allowed.
The maximum number of iterations allowed is 01
 
 
                                 Sample of Final Results
            =============================================================
 
           r                  Psi Potential          AlphaPsi Potential          Beta Value1              Beta Value2              Beta Value3
 0.000000000000000E+00   -2.189270143786521E+20   -1.779643049151759E+20    1.246419665928209E-13    5.774256642358449E-23    0.000000000000000E+00
 5.000000000000028E+07   -9.493313201855441E+18   -7.860827169180572E+18   -1.410966086777967E-11   -9.276467279641008E-25    0.000000000000000E+00
 1.000000000000006E+08   -4.751879805744471E+18   -3.977468785786984E+18   -2.822673484598359E-11   -2.507050153269609E-24    0.000000000000000E+00
 1.500000000000008E+08   -3.106323714183443E+18   -2.618487610622387E+18   -4.234147139370716E-11   -4.206167019760493E-24    0.000000000000000E+00
 2.000000000000011E+08   -2.262212925147224E+18   -1.917784448761982E+18   -5.645577591583150E-11   -5.206629254333221E-24    0.000000000000000E+00
 2.500000000000014E+08   -1.745950248118851E+18   -1.487603072600497E+18   -7.056993838070202E-11   -8.079460880348921E-24    0.000000000000000E+00
 3.000000000000017E+08   -1.396430355134446E+18   -1.195483073744487E+18   -8.468394719998526E-11   -1.094670569802225E-23    0.000000000000000E+00
 3.500000000000020E+08   -1.143526145131654E+18   -9.835818063983621E+17   -9.879759466036540E-11   -1.658679822304486E-23    0.000000000000000E+00
 4.000000000000023E+08   -9.516915711793504E+17   -8.225040246808654E+17   -1.129103130156010E-10   -3.112784645365459E-23    0.000000000000000E+00
 4.500000000000026E+08   -8.009900872985279E+17   -6.957268622089967E+17   -1.270208346836585E-10   -6.558209882020398E-23    0.000000000000000E+00
 5.000000000000029E+08   -6.793652803063511E+17   -5.932387763310970E+17   -1.411266055566912E-10   -1.449579783852045E-22    0.000000000000000E+00
 5.500000000000031E+08   -5.790209024009037E+17   -5.085557247605011E+17   -1.552229075476146E-10   -3.654793116424065E-22    0.000000000000000E+00
 6.000000000000033E+08   -4.948007369812548E+17   -4.373830691133844E+17   -1.693014150789843E-10   -7.184901585032524E-22    0.000000000000000E+00
 6.500000000000037E+08   -4.230256234548678E+17   -3.766509025170054E+17   -1.833484237824376E-10   -1.356445133383119E-21    0.000000000000000E+00
 7.000000000000039E+08   -3.611126865856776E+17   -3.242028720860921E+17   -1.973419400408678E-10   -2.354158178592470E-21    0.000000000000000E+00
 7.500000000000043E+08   -3.071487842716006E+17   -2.784400369988117E+17   -2.112479332705425E-10   -4.251370965628661E-21    0.000000000000000E+00
 8.000000000000045E+08   -2.596567838442318E+17   -2.381258914824941E+17   -2.250163135032410E-10   -7.998461720690030E-21    0.000000000000000E+00
 8.500000000000048E+08   -2.175448608429466E+17   -2.023456718490474E+17   -2.385728483211286E-10   -1.147042843754866E-20    0.000000000000000E+00
 9.000000000000051E+08   -1.799217337708388E+17   -1.703516156856071E+17   -2.518138568781637E-10   -1.448853673042933E-20    0.000000000000000E+00
 9.500000000000054E+08   -1.460972919465477E+17   -1.415639119393148E+17   -2.645941355108627E-10   -1.263062473625678E-20    0.000000000000000E+00
 1.000000000000006E+09   -1.155146840012755E+17   -1.155146840014750E+17   -2.767465669559665E-10    0.000000000000000E+00    0.000000000000000E+00
